Γû▓ Next.js 16.1.6 (Turbopack)
- Environments: .env.local

node.exe : ΓÜá The "middleware" 
file convention is deprecated. 
Please use "proxy" instead. 
Learn more: https://nextjs.org/d
ocs/messages/middleware-to-proxy
At line:1 char:1
+ & "C:\xampp/node.exe" "C:\xamp
p/node_modules/npm/bin/npx-cli.j
s" next ...
+ ~~~~~~~~~~~~~~~~~~~~~~~~~~~~~~
~~~~~~~~~~~~~~~~~~~~~~~~~~~~~~~~
~~~~~~~
    + CategoryInfo          : N 
   otSpecified: (ΓÜá The "midd  
  le...leware-to-proxy:String   
 ) [], RemoteException
    + FullyQualifiedErrorId : N 
   ativeCommandError
 
  Creating an optimized production build ...
Turbopack build encountered 16 
warnings:
./styles/app.scss
Issue while running loader
SassWarning: 59 repetitive 
deprecation warnings omitted.
Run in verbose mode to see all 
warnings.


./styles/app.scss
Issue while running loader
SassWarning: Deprecation 
Warning on line 11, column 8 of 
file:///C:/xampp/htdocs/barangay
PGT/frontend/styles/app.scss:11:
8:
Sass @import rules are 
deprecated and will be removed 
in Dart Sass 3.0.0.

More info and automated 
migrator: 
https://sass-lang.com/d/import

11 | @import 
"components/buttons";


styles\app.scss 12:9  root 
stylesheet



./styles/app.scss
Issue while running loader
SassWarning: Deprecation 
Warning on line 23, column 22 
of file:///C:/xampp/htdocs/baran
gayPGT/frontend/styles/component
s/_alerts.scss:23:22:
Global built-in functions are 
deprecated and will be removed 
in Dart Sass 3.0.0.
Use color.adjust instead.

More info and automated 
migrator: 
https://sass-lang.com/d/import

23 |     border: 1px solid 
lighten($danger, 30%);


styles\components\_alerts.scss 
24:23  @import
styles\app.scss 14:9            
      root stylesheet



./styles/app.scss
Issue while running loader
SassWarning: Deprecation 
Warning on line 23, column 22 
of file:///C:/xampp/htdocs/baran
gayPGT/frontend/styles/component
s/_alerts.scss:23:22:
lighten() is deprecated. 
Suggestions:

color.scale($color, $lightness: 
60.7142857143%)
color.adjust($color, 
$lightness: 30%)

More info: https://sass-lang.com
/d/color-functions

23 |     border: 1px solid 
lighten($danger, 30%);


styles\components\_alerts.scss 
24:23  @import
styles\app.scss 14:9            
      root stylesheet



./styles/app.scss
Issue while running loader
SassWarning: Deprecation 
Warning on line 28, column 11 
of file:///C:/xampp/htdocs/baran
gayPGT/frontend/styles/component
s/_alerts.scss:28:11:
Global built-in functions are 
deprecated and will be removed 
in Dart Sass 3.0.0.
Use color.adjust instead.

More info and automated 
migrator: 
https://sass-lang.com/d/import

28 |     color: 
darken($warning, 15%);


styles\components\_alerts.scss 
29:12  @import
styles\app.scss 14:9            
      root stylesheet



./styles/app.scss
Issue while running loader
SassWarning: Deprecation 
Warning on line 28, column 11 
of file:///C:/xampp/htdocs/baran
gayPGT/frontend/styles/component
s/_alerts.scss:28:11:
darken() is deprecated. 
Suggestions:

color.scale($color, $lightness: 
-29.8828125%)
color.adjust($color, 
$lightness: -15%)

More info: https://sass-lang.com
/d/color-functions

28 |     color: 
darken($warning, 15%);


styles\components\_alerts.scss 
29:12  @import
styles\app.scss 14:9            
      root stylesheet



./styles/app.scss
Issue while running loader
SassWarning: Deprecation 
Warning on line 29, column 22 
of file:///C:/xampp/htdocs/baran
gayPGT/frontend/styles/component
s/_alerts.scss:29:22:
Global built-in functions are 
deprecated and will be removed 
in Dart Sass 3.0.0.
Use color.adjust instead.

More info and automated 
migrator: 
https://sass-lang.com/d/import

29 |     border: 1px solid 
lighten($warning, 25%);


styles\components\_alerts.scss 
30:23  @import
styles\app.scss 14:9            
      root stylesheet



./styles/app.scss
Issue while running loader
SassWarning: Deprecation 
Warning on line 29, column 22 
of file:///C:/xampp/htdocs/baran
gayPGT/frontend/styles/component
s/_alerts.scss:29:22:
lighten() is deprecated. 
Suggestions:

color.scale($color, $lightness: 
50.1968503937%)
color.adjust($color, 
$lightness: 25%)

More info: https://sass-lang.com
/d/color-functions

29 |     border: 1px solid 
lighten($warning, 25%);


styles\components\_alerts.scss 
30:23  @import
styles\app.scss 14:9            
      root stylesheet



./styles/app.scss
Issue while running loader
SassWarning: Deprecation 
Warning on line 5, column 8 of f
ile:///C:/xampp/htdocs/barangayP
GT/frontend/styles/app.scss:5:8:
Sass @import rules are 
deprecated and will be removed 
in Dart Sass 3.0.0.

More info and automated 
migrator: 
https://sass-lang.com/d/import

5 | @import "base/variables";


styles\app.scss 6:9  root 
stylesheet



./styles/app.scss
Issue while running loader
SassWarning: Deprecation 
Warning on line 6, column 8 of f
ile:///C:/xampp/htdocs/barangayP
GT/frontend/styles/app.scss:6:8:
Sass @import rules are 
deprecated and will be removed 
in Dart Sass 3.0.0.

More info and automated 
migrator: 
https://sass-lang.com/d/import

6 | @import "base/reset";


styles\app.scss 7:9  root 
stylesheet



./styles/app.scss
Issue while running loader
SassWarning: Deprecation 
Warning on line 7, column 8 of f
ile:///C:/xampp/htdocs/barangayP
GT/frontend/styles/app.scss:7:8:
Sass @import rules are 
deprecated and will be removed 
in Dart Sass 3.0.0.

More info and automated 
migrator: 
https://sass-lang.com/d/import

7 | @import "base/typography";


styles\app.scss 8:9  root 
stylesheet



./styles/app.scss
Issue while running loader
SassWarning: Deprecation 
Warning on line 71, column 26 
of file:///C:/xampp/htdocs/baran
gayPGT/frontend/styles/component
s/_buttons.scss:71:26:
Global built-in functions are 
deprecated and will be removed 
in Dart Sass 3.0.0.
Use color.adjust instead.

More info and automated 
migrator: 
https://sass-lang.com/d/import

71 |         background-color: 
darken($danger, 8%);


styles\components\_buttons.scss 
72:27  @import
styles\app.scss 12:9            
       root stylesheet



./styles/app.scss
Issue while running loader
SassWarning: Deprecation 
Warning on line 71, column 26 
of file:///C:/xampp/htdocs/baran
gayPGT/frontend/styles/component
s/_buttons.scss:71:26:
darken() is deprecated. 
Suggestions:

color.scale($color, $lightness: 
-15.8139534884%)
color.adjust($color, 
$lightness: -8%)

More info: https://sass-lang.com
/d/color-functions

71 |         background-color: 
darken($danger, 8%);


styles\components\_buttons.scss 
72:27  @import
styles\app.scss 12:9            
       root stylesheet



./styles/app.scss
Issue while running loader
SassWarning: Deprecation 
Warning on line 8, column 8 of f
ile:///C:/xampp/htdocs/barangayP
GT/frontend/styles/app.scss:8:8:
Sass @import rules are 
deprecated and will be removed 
in Dart Sass 3.0.0.

More info and automated 
migrator: 
https://sass-lang.com/d/import

8 | @import "base/utilities";


styles\app.scss 9:9  root 
stylesheet



./styles/app.scss
Issue while running loader
SassWarning: Deprecation 
Warning on line 81, column 26 
of file:///C:/xampp/htdocs/baran
gayPGT/frontend/styles/component
s/_buttons.scss:81:26:
Global built-in functions are 
deprecated and will be removed 
in Dart Sass 3.0.0.
Use color.adjust instead.

More info and automated 
migrator: 
https://sass-lang.com/d/import

81 |         background-color: 
darken($success, 8%);


styles\components\_buttons.scss 
82:27  @import
styles\app.scss 12:9            
       root stylesheet



./styles/app.scss
Issue while running loader
SassWarning: Deprecation 
Warning on line 81, column 26 
of file:///C:/xampp/htdocs/baran
gayPGT/frontend/styles/component
s/_buttons.scss:81:26:
darken() is deprecated. 
Suggestions:

color.scale($color, $lightness: 
-22.0540540541%)
color.adjust($color, 
$lightness: -8%)

More info: https://sass-lang.com
/d/color-functions

81 |         background-color: 
darken($success, 8%);


styles\components\_buttons.scss 
82:27  @import
styles\app.scss 12:9            
       root stylesheet



Γ£ô Compiled successfully in 7.3s
  Running TypeScript ...
  Collecting page data using 7 workers ...
  Generating static pages using 7 workers (0/20) ...
  Generating static pages using 7 workers (5/20) 
  Generating static pages using 7 workers (10/20) 
  Generating static pages using 7 workers (15/20) 
Γ£ô Generating static pages using 7 workers (20/20) in 733.7ms
  Finalizing page optimization ...

Route (app)
Γöî Γùï /
Γö£ Γùï /_not-found
Γö£ Γùï /admin
Γö£ Γùï /admin/posts
Γö£ Γùï /admin/sms
Γö£ Γùï /admin/users
Γö£ Γùï /approval-pending
Γö£ ╞Æ /events
Γö£ Γùï /forgot-password
Γö£ Γùï /login
Γö£ Γùï /notifications
Γö£ ╞Æ /posts/[id]
Γö£ ╞Æ /posts/[id]/edit
Γö£ Γùï /posts/create
Γö£ Γùï /register
Γö£ Γùï /reset-password
Γö£ Γùï /reset-password-otp
Γö£ ╞Æ /users/[userId]/profile
Γö£ Γùï /verify-email
Γö£ Γùï /verify-pending
Γöö Γùï /verify-registration


╞Æ Proxy (Middleware)

Γùï  (Static)   prerendered as static content
╞Æ  (Dynamic)  server-rendered on demand

