1. Creating dummy Barangay if none exists...
2. Injecting a pending registration...

   Illuminate\Database\QueryException 

  SQLSTATE[23502]: Not null violation: 7 ERROR:  null value in column "valid_id_path" of relation "pending_registrations" violates not-null constraint
DETAIL:  Failing row contains (2, test_sms_flow_345@example.com, SMS Test User, $2y$10$mYsrJyNjyS82PxsfgDY05OSmdz9BXzvMthvI066.weRXnRAFcuUoi, 2, 09121234567, Test purok, male, 2000-01-01, 24, null, 123456, 2026-03-11 04:55:58, null, 2026-03-11 04:40:58, 2026-03-11 04:40:58). (SQL: insert into "pending_registrations" ("email", "name", "password", "barangay_id", "phone", "purok_address", "sex", "birth_date", "age", "otp_code", "otp_expires_at", "updated_at", "created_at") values (test_sms_flow_345@example.com, SMS Test User, $2y$10$mYsrJyNjyS82PxsfgDY05OSmdz9BXzvMthvI066.weRXnRAFcuUoi, 2, 09121234567, Test purok, male, 2000-01-01 00:00:00, 24, 123456, 2026-03-11 04:55:58, 2026-03-11 04:40:58, 2026-03-11 04:40:58) returning "id")

  at C:\xampp\htdocs\barangayPGT\vendor\laravel\framework\src\Illuminate\Database\Connection.php:712
    708Γûò         // If an exception occurs when attempting to run a query, we'll format the error
    709Γûò         // message to include the bindings with SQL, which will make this exception a
    710Γûò         // lot more helpful to the developer instead of just the database's errors.
    711Γûò         catch (Exception $e) {
  Γ₧£ 712Γûò             throw new QueryException(
    713Γûò                 $query, $this->prepareBindings($bindings), $e
    714Γûò             );
    715Γûò         }
    716Γûò     }

  1   C:\xampp\htdocs\barangayPGT\vendor\laravel\framework\src\Illuminate\Database\Connection.php:373
      PDOException::("SQLSTATE[23502]: Not null violation: 7 ERROR:  null value in column "valid_id_path" of relation "pending_registrations" violates not-null constraint
DETAIL:  Failing row contains (2, test_sms_flow_345@example.com, SMS Test User, $2y$10$mYsrJyNjyS82PxsfgDY05OSmdz9BXzvMthvI066.weRXnRAFcuUoi, 2, 09121234567, Test purok, male, 2000-01-01, 24, null, 123456, 2026-03-11 04:55:58, null, 2026-03-11 04:40:58, 2026-03-11 04:40:58).")

  2   C:\xampp\htdocs\barangayPGT\vendor\laravel\framework\src\Illuminate\Database\Connection.php:373
      PDOStatement::execute()
